---
source: tui/src/bottom_pane/command_popup.rs
expression: "format!(\"{buf:?}\")"
---
Buffer {
    area: Rect { x: 0, y: 0, width: 72, height: 1 },
    content: [
        "  /workflow  start a saved workflow                                     ",
    ],
    styles: [
        x: 0, y: 0, fg: Reset, bg: Reset, underline: Reset, modifier: NONE,
        x: 2, y: 0, fg: Cyan, bg: Reset, underline: Reset, modifier: BOLD,
        x: 35, y: 0, fg: Reset, bg: Reset, underline: Reset, modifier: NONE,
    ]
}
